
===========================================================================
 report_power
============================================================================
======================= Fastest Corner ===================================

Group                  Internal  Switching    Leakage      Total
                          Power      Power      Power      Power (Watts)
----------------------------------------------------------------
Sequential             1.01e-03   1.83e-04   6.81e-08   1.19e-03  35.8%
Combinational          1.22e-03   9.11e-04   8.51e-09   2.14e-03  64.2%
Macro                  0.00e+00   0.00e+00   0.00e+00   0.00e+00   0.0%
Pad                    0.00e+00   0.00e+00   0.00e+00   0.00e+00   0.0%
----------------------------------------------------------------
Total                  2.23e-03   1.09e-03   7.66e-08   3.32e-03 100.0%
                          67.1%      32.9%       0.0%

======================= Slowest Corner ===================================

Group                  Internal  Switching    Leakage      Total
                          Power      Power      Power      Power (Watts)
----------------------------------------------------------------
Sequential             6.89e-04   1.19e-04   2.14e-06   8.10e-04  35.6%
Combinational          8.74e-04   5.91e-04   3.58e-06   1.47e-03  64.4%
Macro                  0.00e+00   0.00e+00   0.00e+00   0.00e+00   0.0%
Pad                    0.00e+00   0.00e+00   0.00e+00   0.00e+00   0.0%
----------------------------------------------------------------
Total                  1.56e-03   7.10e-04   5.72e-06   2.28e-03 100.0%
                          68.6%      31.1%       0.3%

======================= Typical Corner ===================================

Group                  Internal  Switching    Leakage      Total
                          Power      Power      Power      Power (Watts)
----------------------------------------------------------------
Sequential             8.74e-04   1.53e-04   6.73e-08   1.03e-03  35.8%
Combinational          1.08e-03   7.63e-04   4.20e-09   1.84e-03  64.2%
Macro                  0.00e+00   0.00e+00   0.00e+00   0.00e+00   0.0%
Pad                    0.00e+00   0.00e+00   0.00e+00   0.00e+00   0.0%
----------------------------------------------------------------
Total                  1.96e-03   9.15e-04   7.15e-08   2.87e-03 100.0%
                          68.1%      31.9%       0.0%

