
===========================================================================
report_checks -unconstrained
===========================================================================
======================= Typical Corner ===================================

Startpoint: rst (input port clocked by clk)
Endpoint: _0974_ (recovery check against rising-edge clock clk)
Path Group: asynchronous
Path Type: max

Fanout     Cap    Slew   Delay    Time   Description
-----------------------------------------------------------------------------
                          0.00    0.00   clock clk (rise edge)
                          0.00    0.00   clock network delay (propagated)
                          2.00    2.00 v input external delay
                  0.01    0.00    2.00 v rst (in)
     1    0.00                           rst (net)
                  0.01    0.00    2.00 v input11/A (sky130_fd_sc_hd__clkbuf_4)
                  0.11    0.20    2.20 v input11/X (sky130_fd_sc_hd__clkbuf_4)
     6    0.05                           net11 (net)
                  0.11    0.00    2.21 v _0672_/A (sky130_fd_sc_hd__clkbuf_8)
                  0.09    0.24    2.44 v _0672_/X (sky130_fd_sc_hd__clkbuf_8)
    10    0.08                           _0322_ (net)
                  0.09    0.00    2.44 v _0676_/A (sky130_fd_sc_hd__inv_2)
                  0.04    0.06    2.51 ^ _0676_/Y (sky130_fd_sc_hd__inv_2)
     1    0.00                           _0004_ (net)
                  0.04    0.00    2.51 ^ _0974_/RESET_B (sky130_fd_sc_hd__dfrtp_2)
                                  2.51   data arrival time

                         10.00   10.00   clock clk (rise edge)
                          0.00   10.00   clock source latency
                  0.14    0.09   10.09 ^ clk (in)
     1    0.03                           clk (net)
                  0.14    0.00   10.09 ^ clkbuf_0_clk/A (sky130_fd_sc_hd__clkbuf_16)
                  0.13    0.22   10.31 ^ clkbuf_0_clk/X (sky130_fd_sc_hd__clkbuf_16)
    16    0.12                           clknet_0_clk (net)
                  0.13    0.00   10.31 ^ clkbuf_4_6_0_clk/A (sky130_fd_sc_hd__clkbuf_8)
                  0.05    0.16   10.47 ^ clkbuf_4_6_0_clk/X (sky130_fd_sc_hd__clkbuf_8)
     6    0.02                           clknet_4_6_0_clk (net)
                  0.05    0.00   10.47 ^ _0974_/CLK (sky130_fd_sc_hd__dfrtp_2)
                         -0.25   10.22   clock uncertainty
                          0.00   10.22   clock reconvergence pessimism
                          0.22   10.44   library recovery time
                                 10.44   data required time
-----------------------------------------------------------------------------
                                 10.44   data required time
                                 -2.51   data arrival time
-----------------------------------------------------------------------------
                                  7.93   slack (MET)


Startpoint: _0973_ (rising edge-triggered flip-flop clocked by clk)
Endpoint: full (output port clocked by clk)
Path Group: clk
Path Type: max

Fanout     Cap    Slew   Delay    Time   Description
-----------------------------------------------------------------------------
                          0.00    0.00   clock clk (rise edge)
                          0.00    0.00   clock source latency
                  0.14    0.10    0.10 ^ clk (in)
     1    0.03                           clk (net)
                  0.14    0.00    0.10 ^ clkbuf_0_clk/A (sky130_fd_sc_hd__clkbuf_16)
                  0.13    0.24    0.34 ^ clkbuf_0_clk/X (sky130_fd_sc_hd__clkbuf_16)
    16    0.12                           clknet_0_clk (net)
                  0.13    0.00    0.34 ^ clkbuf_4_13_0_clk/A (sky130_fd_sc_hd__clkbuf_8)
                  0.06    0.18    0.52 ^ clkbuf_4_13_0_clk/X (sky130_fd_sc_hd__clkbuf_8)
     7    0.03                           clknet_4_13_0_clk (net)
                  0.06    0.00    0.53 ^ _0973_/CLK (sky130_fd_sc_hd__dfrtp_1)
                  0.06    0.40    0.93 v _0973_/Q (sky130_fd_sc_hd__dfrtp_1)
     2    0.01                           top[3] (net)
                  0.06    0.00    0.93 v _0482_/A (sky130_fd_sc_hd__buf_2)
                  0.08    0.18    1.11 v _0482_/X (sky130_fd_sc_hd__buf_2)
    10    0.03                           _0157_ (net)
                  0.08    0.00    1.11 v _0483_/A (sky130_fd_sc_hd__nor4_1)
                  0.33    0.39    1.49 ^ _0483_/Y (sky130_fd_sc_hd__nor4_1)
     2    0.01                           _0158_ (net)
                  0.33    0.00    1.49 ^ _0484_/A (sky130_fd_sc_hd__clkbuf_4)
                  0.17    0.34    1.83 ^ _0484_/X (sky130_fd_sc_hd__clkbuf_4)
    10    0.06                           _0159_ (net)
                  0.17    0.00    1.83 ^ _0620_/B (sky130_fd_sc_hd__and2_1)
                  0.04    0.15    1.98 ^ _0620_/X (sky130_fd_sc_hd__and2_1)
     1    0.00                           _0285_ (net)
                  0.04    0.00    1.98 ^ _0621_/A (sky130_fd_sc_hd__buf_1)
                  0.22    0.22    2.20 ^ _0621_/X (sky130_fd_sc_hd__buf_1)
     3    0.02                           net22 (net)
                  0.22    0.00    2.20 ^ output22/A (sky130_fd_sc_hd__clkbuf_4)
                  0.11    0.26    2.46 ^ output22/X (sky130_fd_sc_hd__clkbuf_4)
     1    0.03                           full (net)
                  0.11    0.00    2.46 ^ full (out)
                                  2.46   data arrival time

                         10.00   10.00   clock clk (rise edge)
                          0.00   10.00   clock network delay (propagated)
                         -0.25    9.75   clock uncertainty
                          0.00    9.75   clock reconvergence pessimism
                         -2.00    7.75   output external delay
                                  7.75   data required time
-----------------------------------------------------------------------------
                                  7.75   data required time
                                 -2.46   data arrival time
-----------------------------------------------------------------------------
                                  5.29   slack (MET)




===========================================================================
report_checks --slack_max -0.01
============================================================================
======================= Typical Corner ===================================

No paths found.


===========================================================================
 report_check_types -max_slew -max_cap -max_fanout -violators
============================================================================
======================= Typical Corner ===================================

max fanout

Pin                                   Limit Fanout  Slack
---------------------------------------------------------
clkbuf_0_clk/X                           10     16     -6 (VIOLATED)
clkbuf_4_5_0_clk/X                       10     13     -3 (VIOLATED)
clkbuf_4_10_0_clk/X                      10     12     -2 (VIOLATED)
clkbuf_4_2_0_clk/X                       10     12     -2 (VIOLATED)



===========================================================================
report_parasitic_annotation -report_unannotated
============================================================================
Found 0 unannotated drivers.
Found 0 partially unannotated drivers.

===========================================================================
max slew violation count 0
max fanout violation count 4
max cap violation count 0
============================================================================

===========================================================================
check_setup -verbose -unconstrained_endpoints -multiple_clock -no_clock -no_input_delay -loops -generated_clocks
===========================================================================
