
===========================================================================
 report_power
============================================================================
======================= Fastest Corner ===================================

Group                  Internal  Switching    Leakage      Total
                          Power      Power      Power      Power (Watts)
----------------------------------------------------------------
Sequential             1.01e-03   1.89e-04   6.81e-08   1.19e-03  35.5%
Combinational          1.23e-03   9.46e-04   8.51e-09   2.17e-03  64.5%
Macro                  0.00e+00   0.00e+00   0.00e+00   0.00e+00   0.0%
Pad                    0.00e+00   0.00e+00   0.00e+00   0.00e+00   0.0%
----------------------------------------------------------------
Total                  2.23e-03   1.13e-03   7.66e-08   3.36e-03 100.0%
                          66.3%      33.7%       0.0%

======================= Slowest Corner ===================================

Group                  Internal  Switching    Leakage      Total
                          Power      Power      Power      Power (Watts)
----------------------------------------------------------------
Sequential             6.89e-04   1.23e-04   2.14e-06   8.14e-04  35.3%
Combinational          8.74e-04   6.14e-04   3.58e-06   1.49e-03  64.7%
Macro                  0.00e+00   0.00e+00   0.00e+00   0.00e+00   0.0%
Pad                    0.00e+00   0.00e+00   0.00e+00   0.00e+00   0.0%
----------------------------------------------------------------
Total                  1.56e-03   7.37e-04   5.72e-06   2.31e-03 100.0%
                          67.8%      32.0%       0.2%

======================= Typical Corner ===================================

Group                  Internal  Switching    Leakage      Total
                          Power      Power      Power      Power (Watts)
----------------------------------------------------------------
Sequential             8.74e-04   1.58e-04   6.73e-08   1.03e-03  35.5%
Combinational          1.08e-03   7.92e-04   4.20e-09   1.87e-03  64.5%
Macro                  0.00e+00   0.00e+00   0.00e+00   0.00e+00   0.0%
Pad                    0.00e+00   0.00e+00   0.00e+00   0.00e+00   0.0%
----------------------------------------------------------------
Total                  1.96e-03   9.50e-04   7.15e-08   2.91e-03 100.0%
                          67.3%      32.7%       0.0%

